// Jest Snapshot v1, https://goo.gl/fbAQLP

exports[`Consistently renders a card 1`] = `
<div
  className="flex-card-wrapper"
>
  <div
    className="card-content"
  >
    <img
      alt="Elder Scrolls Card: Card Name"
      className="card-image"
      src="#"
      tabIndex="0"
    />
  </div>
  <div
    className="card-content card-text"
    tabIndex="0"
  >
    <div
      className="card-name"
    >
      Card Name
    </div>
    <div>
      <div
        className="flex-card-row"
      >
        <span
          className="left-column"
        >
          Type:
        </span>
        <span
          className="right-column"
        >
          Card Type
        </span>
      </div>
      <div
        className="flex-card-row"
      >
        <span
          className="left-column"
        >
          Set:
        </span>
        <span
          className="right-column"
        >
          Card Set Name
        </span>
      </div>
    </div>
    <div
      className="card-rules"
    >
      Card Text
    </div>
  </div>
</div>
`;
