// Jest Snapshot v1, https://goo.gl/fbAQLP

exports[`Consistently renders the spinner 1`] = `
<div
  id="spinner-background"
  style={
    Object {
      "bottom": "100px",
      "left": "100px",
      "right": "25px",
      "top": "25px",
    }
  }
>
        
  <div
    id="inner-spinner"
  >
     
  </div>
        
</div>
`;
