// Jest Snapshot v1, https://goo.gl/fbAQLP

exports[`test SearchOverlay rendering after mock search 1`] = `
<div
  data-testid="search-overlay"
  id="search-overlay"
>
  
  <div
    className="close-button"
    data-testid="closeSearchOverlay"
    id="closeSearchOverlay"
    onClick={[Function]}
    tabIndex="0"
  >
    <span
      aria-label="close button"
      className="close-icon"
      role="button"
    >
      ⊗
    </span>
  </div>
  <div
    id="search-form"
  >
    <input
      data-testid="searchText"
      id="searchText"
      name="searchText"
      placeholder="Search by Card Name"
      size="25"
      type="search"
    />
    <input
      id="searchButton"
      onClick={[Function]}
      type="button"
      value="Search"
    />
  </div>
  <div>
    <div
      data-testid="search-results"
      id="search-results"
      tabIndex="0"
    >
      The search text matched 1 card name.  Click on the card name to display the card.
    </div>
    <ul
      data-testid="matchedCardList"
      id="matchedCardList"
    >
      <li>
        <div
          className="matched-card-name"
          data={0}
          data-testid="matchedCardName0"
          id="matchedCardName0"
          onClick={[Function]}
          tabIndex="0"
        >
          Mocked Card Search
        </div>
        <div
          className="card-overlay"
          data-testid="cardOverlay0"
          id="cardOverlay0"
        >
          <div
            className="close-button"
            data={0}
            data-testid="closeCardOverlay0"
            id="closeCardOverlay0"
            onClick={[Function]}
            tabIndex="0"
          >
            <span
              aria-label="close button"
              className="close-icon"
              role="button"
            >
              ⊗
            </span>
          </div>
          <div
            className="flex-card-wrapper"
          >
            <div
              className="card-content"
              tabIndex="0"
            >
              <img
                alt="Elder Scrolls Card: Mocked Card Search"
                className="card-image"
                src="#"
              />
            </div>
            <div
              className="card-content card-text"
              data={0}
              tabIndex="0"
            >
              <div
                className="card-name"
              >
                Mocked Card Search
              </div>
              <div>
                <div
                  className="flex-card-row"
                >
                  <span
                    className="left-column"
                  >
                    Type:
                  </span>
                  <span
                    className="right-column"
                  >
                    Mocked Search
                  </span>
                </div>
                <div
                  className="flex-card-row"
                >
                  <span
                    className="left-column"
                  >
                    Set:
                  </span>
                  <span
                    className="right-column"
                  >
                    Mocked Search Set
                  </span>
                </div>
              </div>
              <div
                className="card-rules"
              >
                This is mocked data for unit testing of card search.
              </div>
            </div>
          </div>
        </div>
      </li>
    </ul>
  </div>
</div>
`;
